Archive member included to satisfy reference by file (symbol)

F:/CLion_Tools/10 2021.10/bin/../lib/gcc/arm-none-eabi/13.3.1/thumb/v7-m/nofp\libg.a(libc_a-exit.o)
                              F:/CLion_Tools/10 2021.10/bin/../lib/gcc/arm-none-eabi/13.3.1/thumb/v7-m/nofp/crt0.o (exit)
F:/CLion_Tools/10 2021.10/bin/../lib/gcc/arm-none-eabi/13.3.1/thumb/v7-m/nofp\libg.a(libc_a-findfp.o)
                              F:/CLion_Tools/10 2021.10/bin/../lib/gcc/arm-none-eabi/13.3.1/thumb/v7-m/nofp\libg.a(libc_a-exit.o) (__stdio_exit_handler)
F:/CLion_Tools/10 2021.10/bin/../lib/gcc/arm-none-eabi/13.3.1/thumb/v7-m/nofp\libg.a(libc_a-fwalk.o)
                              F:/CLion_Tools/10 2021.10/bin/../lib/gcc/arm-none-eabi/13.3.1/thumb/v7-m/nofp\libg.a(libc_a-findfp.o) (_fwalk_sglue)
F:/CLion_Tools/10 2021.10/bin/../lib/gcc/arm-none-eabi/13.3.1/thumb/v7-m/nofp\libg.a(libc_a-stdio.o)
                              F:/CLion_Tools/10 2021.10/bin/../lib/gcc/arm-none-eabi/13.3.1/thumb/v7-m/nofp\libg.a(libc_a-findfp.o) (__sread)
F:/CLion_Tools/10 2021.10/bin/../lib/gcc/arm-none-eabi/13.3.1/thumb/v7-m/nofp\libg.a(libc_a-memset.o)
                              F:/CLion_Tools/10 2021.10/bin/../lib/gcc/arm-none-eabi/13.3.1/thumb/v7-m/nofp/crt0.o (memset)
F:/CLion_Tools/10 2021.10/bin/../lib/gcc/arm-none-eabi/13.3.1/thumb/v7-m/nofp\libg.a(libc_a-closer.o)
                              F:/CLion_Tools/10 2021.10/bin/../lib/gcc/arm-none-eabi/13.3.1/thumb/v7-m/nofp\libg.a(libc_a-stdio.o) (_close_r)
F:/CLion_Tools/10 2021.10/bin/../lib/gcc/arm-none-eabi/13.3.1/thumb/v7-m/nofp\libg.a(libc_a-reent.o)
                              F:/CLion_Tools/10 2021.10/bin/../lib/gcc/arm-none-eabi/13.3.1/thumb/v7-m/nofp\libg.a(libc_a-closer.o) (errno)
F:/CLion_Tools/10 2021.10/bin/../lib/gcc/arm-none-eabi/13.3.1/thumb/v7-m/nofp\libg.a(libc_a-impure.o)
                              F:/CLion_Tools/10 2021.10/bin/../lib/gcc/arm-none-eabi/13.3.1/thumb/v7-m/nofp\libg.a(libc_a-reent.o) (_impure_ptr)
F:/CLion_Tools/10 2021.10/bin/../lib/gcc/arm-none-eabi/13.3.1/thumb/v7-m/nofp\libg.a(libc_a-lseekr.o)
                              F:/CLion_Tools/10 2021.10/bin/../lib/gcc/arm-none-eabi/13.3.1/thumb/v7-m/nofp\libg.a(libc_a-stdio.o) (_lseek_r)
F:/CLion_Tools/10 2021.10/bin/../lib/gcc/arm-none-eabi/13.3.1/thumb/v7-m/nofp\libg.a(libc_a-readr.o)
                              F:/CLion_Tools/10 2021.10/bin/../lib/gcc/arm-none-eabi/13.3.1/thumb/v7-m/nofp\libg.a(libc_a-stdio.o) (_read_r)
F:/CLion_Tools/10 2021.10/bin/../lib/gcc/arm-none-eabi/13.3.1/thumb/v7-m/nofp\libg.a(libc_a-writer.o)
                              F:/CLion_Tools/10 2021.10/bin/../lib/gcc/arm-none-eabi/13.3.1/thumb/v7-m/nofp\libg.a(libc_a-stdio.o) (_write_r)
F:/CLion_Tools/10 2021.10/bin/../lib/gcc/arm-none-eabi/13.3.1/thumb/v7-m/nofp\libg.a(libc_a-errno.o)
                              CMakeFiles/Armor.elf.dir/Core/Src/syscalls.c.obj (__errno)
F:/CLion_Tools/10 2021.10/bin/../lib/gcc/arm-none-eabi/13.3.1/thumb/v7-m/nofp\libg.a(libc_a-init.o)
                              F:/CLion_Tools/10 2021.10/bin/../lib/gcc/arm-none-eabi/13.3.1/thumb/v7-m/nofp/crt0.o (__libc_init_array)
F:/CLion_Tools/10 2021.10/bin/../lib/gcc/arm-none-eabi/13.3.1/thumb/v7-m/nofp\libg.a(libc_a-lock.o)
                              F:/CLion_Tools/10 2021.10/bin/../lib/gcc/arm-none-eabi/13.3.1/thumb/v7-m/nofp\libg.a(libc_a-findfp.o) (__retarget_lock_init_recursive)
F:/CLion_Tools/10 2021.10/bin/../lib/gcc/arm-none-eabi/13.3.1/thumb/v7-m/nofp\libg.a(libc_a-__call_atexit.o)
                              F:/CLion_Tools/10 2021.10/bin/../lib/gcc/arm-none-eabi/13.3.1/thumb/v7-m/nofp\libg.a(libc_a-exit.o) (__call_exitprocs)
F:/CLion_Tools/10 2021.10/bin/../lib/gcc/arm-none-eabi/13.3.1/thumb/v7-m/nofp\libg.a(libc_a-atexit.o)
                              F:/CLion_Tools/10 2021.10/bin/../lib/gcc/arm-none-eabi/13.3.1/thumb/v7-m/nofp\libg.a(libc_a-__call_atexit.o) (atexit)
F:/CLion_Tools/10 2021.10/bin/../lib/gcc/arm-none-eabi/13.3.1/thumb/v7-m/nofp\libg.a(libc_a-freer.o)
                              F:/CLion_Tools/10 2021.10/bin/../lib/gcc/arm-none-eabi/13.3.1/thumb/v7-m/nofp\libg.a(libc_a-reent.o) (_free_r)
F:/CLion_Tools/10 2021.10/bin/../lib/gcc/arm-none-eabi/13.3.1/thumb/v7-m/nofp\libg.a(libc_a-mallocr.o)
                              F:/CLion_Tools/10 2021.10/bin/../lib/gcc/arm-none-eabi/13.3.1/thumb/v7-m/nofp\libg.a(libc_a-findfp.o) (_malloc_r)
F:/CLion_Tools/10 2021.10/bin/../lib/gcc/arm-none-eabi/13.3.1/thumb/v7-m/nofp\libg.a(libc_a-mlock.o)
                              F:/CLion_Tools/10 2021.10/bin/../lib/gcc/arm-none-eabi/13.3.1/thumb/v7-m/nofp\libg.a(libc_a-freer.o) (__malloc_lock)
F:/CLion_Tools/10 2021.10/bin/../lib/gcc/arm-none-eabi/13.3.1/thumb/v7-m/nofp\libg.a(libc_a-fclose.o)
                              F:/CLion_Tools/10 2021.10/bin/../lib/gcc/arm-none-eabi/13.3.1/thumb/v7-m/nofp\libg.a(libc_a-findfp.o) (_fclose_r)
[...]
Memory Configuration

Name             Origin             Length             Attributes
RAM              0x20000000         0x00002800         xrw
FLASH            0x08000000         0x00008000         xr
*default*        0x00000000         0xffffffff

Linker script and memory map

LOAD F:/CLion_Tools/10 2021.10/bin/../lib/gcc/arm-none-eabi/13.3.1/thumb/v7-m/nofp/crti.o
LOAD F:/CLion_Tools/10 2021.10/bin/../lib/gcc/arm-none-eabi/13.3.1/thumb/v7-m/nofp/crtbegin.o
LOAD F:/CLion_Tools/10 2021.10/bin/../lib/gcc/arm-none-eabi/13.3.1/thumb/v7-m/nofp/crt0.o
LOAD CMakeFiles/Armor.elf.dir/Core/Src/adc.c.obj
LOAD CMakeFiles/Armor.elf.dir/Core/Src/dma.c.obj
LOAD CMakeFiles/Armor.elf.dir/Core/Src/gpio.c.obj
LOAD CMakeFiles/Armor.elf.dir/Core/Src/main.c.obj
LOAD CMakeFiles/Armor.elf.dir/Core/Src/stm32f1xx_hal_msp.c.obj
LOAD CMakeFiles/Armor.elf.dir/Core/Src/stm32f1xx_it.c.obj
LOAD CMakeFiles/Armor.elf.dir/Core/Src/syscalls.c.obj
LOAD CMakeFiles/Armor.elf.dir/Core/Src/sysmem.c.obj
LOAD CMakeFiles/Armor.elf.dir/Core/Src/system_stm32f1xx.c.obj
LOAD CMakeFiles/Armor.elf.dir/Core/Src/tim.c.obj
LOAD CMakeFiles/Armor.elf.dir/Core/Src/usart.c.obj
LOAD CMakeFiles/Armor.elf.dir/Core/Startup/startup_stm32f103c6tx.s.obj
LOAD CMakeFiles/Armor.elf.dir/Core/bsp/bsp.c.obj
LOAD CMakeFiles/Armor.elf.dir/Drivers/STM32F1xx_HAL_Driver/Src/stm32f1xx_hal.c.obj
LOAD CMakeFiles/Armor.elf.dir/Drivers/STM32F1xx_HAL_Driver/Src/stm32f1xx_hal_adc.c.obj
LOAD CMakeFiles/Armor.elf.dir/Drivers/STM32F1xx_HAL_Driver/Src/stm32f1xx_hal_adc_ex.c.obj
LOAD CMakeFiles/Armor.elf.dir/Drivers/STM32F1xx_HAL_Driver/Src/stm32f1xx_hal_cortex.c.obj
LOAD CMakeFiles/Armor.elf.dir/Drivers/STM32F1xx_HAL_Driver/Src/stm32f1xx_hal_dma.c.obj
LOAD CMakeFiles/Armor.elf.dir/Drivers/STM32F1xx_HAL_Driver/Src/stm32f1xx_hal_exti.c.obj
LOAD CMakeFiles/Armor.elf.dir/Drivers/STM32F1xx_HAL_Driver/Src/stm32f1xx_hal_flash.c.obj
LOAD CMakeFiles/Armor.elf.dir/Drivers/STM32F1xx_HAL_Driver/Src/stm32f1xx_hal_flash_ex.c.obj
LOAD CMakeFiles/Armor.elf.dir/Drivers/STM32F1xx_HAL_Driver/Src/stm32f1xx_hal_gpio.c.obj
LOAD CMakeFiles/Armor.elf.dir/Drivers/STM32F1xx_HAL_Driver/Src/stm32f1xx_hal_gpio_ex.c.obj
LOAD CMakeFiles/Armor.elf.dir/Drivers/STM32F1xx_HAL_Driver/Src/stm32f1xx_hal_pwr.c.obj
LOAD CMakeFiles/Armor.elf.dir/Drivers/STM32F1xx_HAL_Driver/Src/stm32f1xx_hal_rcc.c.obj
LOAD CMakeFiles/Armor.elf.dir/Drivers/STM32F1xx_HAL_Driver/Src/stm32f1xx_hal_rcc_ex.c.obj
LOAD CMakeFiles/Armor.elf.dir/Drivers/STM32F1xx_HAL_Driver/Src/stm32f1xx_hal_tim.c.obj
LOAD CMakeFiles/Armor.elf.dir/Drivers/STM32F1xx_HAL_Driver/Src/stm32f1xx_hal_tim_ex.c.obj
LOAD CMakeFiles/Armor.elf.dir/Drivers/STM32F1xx_HAL_Driver/Src/stm32f1xx_hal_uart.c.obj
START GROUP
LOAD F:/CLion_Tools/10 2021.10/bin/../lib/gcc/arm-none-eabi/13.3.1/thumb/v7-m/nofp\libgcc.a
LOAD F:/CLion_Tools/10 2021.10/bin/../lib/gcc/arm-none-eabi/13.3.1/thumb/v7-m/nofp\libg.a
LOAD F:/CLion_Tools/10 2021.10/bin/../lib/gcc/arm-none-eabi/13.3.1/thumb/v7-m/nofp\libc.a
END GROUP
LOAD F:/CLion_Tools/10 2021.10/bin/../lib/gcc/arm-none-eabi/13.3.1/thumb/v7-m/nofp/crtend.o
LOAD F:/CLion_Tools/10 2021.10/bin/../lib/gcc/arm-none-eabi/13.3.1/thumb/v7-m/nofp/crtn.o
                0x20002800                        _estack = (ORIGIN (RAM) + LENGTH (RAM))
                0x00000200                        _Min_Heap_Size = 0x200
                0x00000400                        _Min_Stack_Size = 0x400

.isr_vector     0x08000000      0x10c
                0x08000000                        . = ALIGN (0x4)
 *(.isr_vector)
 .isr_vector    0x08000000      0x10c CMakeFiles/Armor.elf.dir/Core/Startup/startup_stm32f103c6tx.s.obj
                0x08000000                g_pfnVectors
                0x0800010c                        . = ALIGN (0x4)

.text           0x0800010c     0x31a8
                0x0800010c                        . = ALIGN (0x4)
 *(.text)
 *(.text*)
 .text.deregister_tm_clones
                0x0800010c       0x1c F:/CLion_Tools/10 2021.10/bin/../lib/gcc/arm-none-eabi/13.3.1/thumb/v7-m/nofp/crtbegin.o
 .text.register_tm_clones
                0x08000128       0x24 F:/CLion_Tools/10 2021.10/bin/../lib/gcc/arm-none-eabi/13.3.1/thumb/v7-m/nofp/crtbegin.o
 .text.__do_global_dtors_aux
                0x0800014c       0x28 F:/CLion_Tools/10 2021.10/bin/../lib/gcc/arm-none-eabi/13.3.1/thumb/v7-m/nofp/crtbegin.o
 .text.frame_dummy
                0x08000174       0x24 F:/CLion_Tools/10 2021.10/bin/../lib/gcc/arm-none-eabi/13.3.1/thumb/v7-m/nofp/crtbegin.o
 .text.MX_ADC1_Init
                0x08000198       0x58 CMakeFiles/Armor.elf.dir/Core/Src/adc.c.obj
                0x08000198                MX_ADC1_Init
 .text.HAL_ADC_MspInit
                0x080001f0       0x60 CMakeFiles/Armor.elf.dir/Core/Src/adc.c.obj
                0x080001f0                HAL_ADC_MspInit
 .text.MX_DMA_Init
                0x08000250       0x34 CMakeFiles/Armor.elf.dir/Core/Src/dma.c.obj
                0x08000250                MX_DMA_Init
 .text.MX_GPIO_Init
                0x08000284       0x88 CMakeFiles/Armor.elf.dir/Core/Src/gpio.c.obj
                0x08000284                MX_GPIO_Init
 .text.Error_Handler
                0x0800030c        0x4 CMakeFiles/Armor.elf.dir/Core/Src/main.c.obj
                0x0800030c                Error_Handler
 .text.SystemClock_Config
                0x08000310       0x84 CMakeFiles/Armor.elf.dir/Core/Src/main.c.obj
                0x08000310                SystemClock_Config
 .text.main     0x08000394       0x70 CMakeFiles/Armor.elf.dir/Core/Src/main.c.obj
                0x08000394                main
 .text.HAL_MspInit
                0x08000404       0x44 CMakeFiles/Armor.elf.dir/Core/Src/stm32f1xx_hal_msp.c.obj
                0x08000404                HAL_MspInit
 .text.NMI_Handler
                0x08000448        0x2 CMakeFiles/Armor.elf.dir/Core/Src/stm32f1xx_it.c.obj
                0x08000448                NMI_Handler
 .text.HardFault_Handler
                0x0800044a        0x2 CMakeFiles/Armor.elf.dir/Core/Src/stm32f1xx_it.c.obj
                0x0800044a                HardFault_Handler
 .text.MemManage_Handler
                0x0800044c        0x2 CMakeFiles/Armor.elf.dir/Core/Src/stm32f1xx_it.c.obj
                0x0800044c                MemManage_Handler
 .text.BusFault_Handler
                0x0800044e        0x2 CMakeFiles/Armor.elf.dir/Core/Src/stm32f1xx_it.c.obj
                0x0800044e                BusFault_Handler
 .text.UsageFault_Handler
                0x08000450        0x2 CMakeFiles/Armor.elf.dir/Core/Src/stm32f1xx_it.c.obj
                0x08000450                UsageFault_Handler
 .text.SVC_Handler
                0x08000452        0x2 CMakeFiles/Armor.elf.dir/Core/Src/stm32f1xx_it.c.obj
                0x08000452                SVC_Handler
 .text.DebugMon_Handler
                0x08000454        0x2 CMakeFiles/Armor.elf.dir/Core/Src/stm32f1xx_it.c.obj
                0x08000454                DebugMon_Handler
 .text.PendSV_Handler
                0x08000456        0x2 CMakeFiles/Armor.elf.dir/Core/Src/stm32f1xx_it.c.obj
                0x08000456                PendSV_Handler
 .text.SysTick_Handler
                0x08000458        0x8 CMakeFiles/Armor.elf.dir/Core/Src/stm32f1xx_it.c.obj
                0x08000458                SysTick_Handler
 .text.EXTI4_IRQHandler
                0x08000460        0xa CMakeFiles/Armor.elf.dir/Core/Src/stm32f1xx_it.c.obj
                0x08000460                EXTI4_IRQHandler
 *fill*         0x0800046a        0x2 
 .text.DMA1_Channel5_IRQHandler
                0x0800046c       0x10 CMakeFiles/Armor.elf.dir/Core/Src/stm32f1xx_it.c.obj
                0x0800046c                DMA1_Channel5_IRQHandler
 .text.TIM1_UP_IRQHandler
                0x0800047c       0x10 CMakeFiles/Armor.elf.dir/Core/Src/stm32f1xx_it.c.obj
                0x0800047c                TIM1_UP_IRQHandler
 .text.USART1_IRQHandler
                0x0800048c       0x10 CMakeFiles/Armor.elf.dir/Core/Src/stm32f1xx_it.c.obj
                0x0800048c                USART1_IRQHandler
 .text.EXTI15_10_IRQHandler
                0x0800049c        0xc CMakeFiles/Armor.elf.dir/Core/Src/stm32f1xx_it.c.obj
                0x0800049c                EXTI15_10_IRQHandler
 .text.SystemInit
                0x080004a8        0x2 CMakeFiles/Armor.elf.dir/Core/Src/system_stm32f1xx.c.obj
                0x080004a8                SystemInit
 *fill*         0x080004aa        0x2 
 .text.MX_TIM1_Init
                0x080004ac       0x74 CMakeFiles/Armor.elf.dir/Core/Src/tim.c.obj
                0x080004ac                MX_TIM1_Init
 .text.MX_TIM3_Init
                0x08000520       0x70 CMakeFiles/Armor.elf.dir/Core/Src/tim.c.obj
                0x08000520                MX_TIM3_Init
 .text.HAL_TIM_Base_MspInit
                0x08000590       0x80 CMakeFiles/Armor.elf.dir/Core/Src/tim.c.obj
                0x08000590                HAL_TIM_Base_MspInit
 .text.HAL_TIM_MspPostInit
                0x08000610       0x4c CMakeFiles/Armor.elf.dir/Core/Src/tim.c.obj
                0x08000610                HAL_TIM_MspPostInit
 .text.MX_TIM2_Init
                0x0800065c       0xc0 CMakeFiles/Armor.elf.dir/Core/Src/tim.c.obj
                0x0800065c                MX_TIM2_Init
 .text.MX_USART1_UART_Init
                0x0800071c       0x34 CMakeFiles/Armor.elf.dir/Core/Src/usart.c.obj
                0x0800071c                MX_USART1_UART_Init
 .text.HAL_UART_MspInit
                0x08000750       0xbc CMakeFiles/Armor.elf.dir/Core/Src/usart.c.obj
                0x08000750                HAL_UART_MspInit
 .text.Reset_Handler
                0x0800080c       0x48 CMakeFiles/Armor.elf.dir/Core/Startup/startup_stm32f103c6tx.s.obj
                0x0800080c                Reset_Handler
 .text.Default_Handler
                0x08000854        0x2 CMakeFiles/Armor.elf.dir/Core/Startup/startup_stm32f103c6tx.s.obj
                0x08000854                RTC_Alarm_IRQHandler
                0x08000854                EXTI2_IRQHandler
                0x08000854                TIM1_CC_IRQHandler
                0x08000854                PVD_IRQHandler
                0x08000854                EXTI3_IRQHandler
                0x08000854                EXTI0_IRQHandler
                0x08000854                ADC1_2_IRQHandler
                0x08000854                SPI1_IRQHandler
                0x08000854                TAMPER_IRQHandler
                0x08000854                DMA1_Channel4_IRQHandler
                0x08000854                RTC_IRQHandler
                0x08000854                DMA1_Channel7_IRQHandler
                0x08000854                CAN1_RX1_IRQHandler
                0x08000854                I2C1_EV_IRQHandler
                0x08000854                DMA1_Channel6_IRQHandler
                0x08000854                TIM3_IRQHandler
                0x08000854                RCC_IRQHandler
                0x08000854                TIM1_TRG_COM_IRQHandler
                0x08000854                DMA1_Channel1_IRQHandler
                0x08000854                Default_Handler
                0x08000854                EXTI9_5_IRQHandler
                0x08000854                USB_LP_CAN1_RX0_IRQHandler
                0x08000854                USB_HP_CAN1_TX_IRQHandler
                0x08000854                DMA1_Channel3_IRQHandler
                0x08000854                WWDG_IRQHandler
                0x08000854                TIM2_IRQHandler
                0x08000854                TIM1_BRK_IRQHandler
                0x08000854                EXTI1_IRQHandler
                0x08000854                USART2_IRQHandler
                0x08000854                DMA1_Channel2_IRQHandler
                0x08000854                CAN1_SCE_IRQHandler
                0x08000854                FLASH_IRQHandler
                0x08000854                I2C1_ER_IRQHandler
                0x08000854                USBWakeUp_IRQHandler
 *fill*         0x08000856        0x2 
 .text.Light_OFF
                0x08000858       0x10 CMakeFiles/Armor.elf.dir/Core/bsp/bsp.c.obj
                0x08000858                Light_OFF
 .text.RED_Light
                0x08000868       0x1c CMakeFiles/Armor.elf.dir/Core/bsp/bsp.c.obj
                0x08000868                RED_Light
 .text.BLUE_Light
                0x08000884       0x1c CMakeFiles/Armor.elf.dir/Core/bsp/bsp.c.obj
                0x08000884                BLUE_Light
 .text.PURPIE_Light
                0x080008a0       0x1c CMakeFiles/Armor.elf.dir/Core/bsp/bsp.c.obj
                0x080008a0                PURPIE_Light
 .text.Color_State
                0x080008bc       0x28 CMakeFiles/Armor.elf.dir/Core/bsp/bsp.c.obj
                0x080008bc                Color_State
 .text.Delay_us
                0x080008e4       0x24 CMakeFiles/Armor.elf.dir/Core/bsp/bsp.c.obj
                0x080008e4                Delay_us
 .text.HAL_UARTEx_RxEventCallback
                0x08000908       0x68 CMakeFiles/Armor.elf.dir/Core/bsp/bsp.c.obj
                0x08000908                HAL_UARTEx_RxEventCallback
 .text.HAL_GPIO_EXTI_Callback
                0x08000970       0x3c CMakeFiles/Armor.elf.dir/Core/bsp/bsp.c.obj
                0x08000970                HAL_GPIO_EXTI_Callback
 .text.HAL_TIM_PeriodElapsedCallback
                0x080009ac      0x10c CMakeFiles/Armor.elf.dir/Core/bsp/bsp.c.obj
                0x080009ac                HAL_TIM_PeriodElapsedCallback
 .text.HAL_InitTick
                0x08000ab8       0x4c CMakeFiles/Armor.elf.dir/Drivers/STM32F1xx_HAL_Driver/Src/stm32f1xx_hal.c.obj
                0x08000ab8                HAL_InitTick
 .text.HAL_Init
                0x08000b04       0x24 CMakeFiles/Armor.elf.dir/Drivers/STM32F1xx_HAL_Driver/Src/stm32f1xx_hal.c.obj
                0x08000b04                HAL_Init
 .text.HAL_IncTick
                0x08000b28       0x18 CMakeFiles/Armor.elf.dir/Drivers/STM32F1xx_HAL_Driver/Src/stm32f1xx_hal.c.obj
                0x08000b28                HAL_IncTick
 .text.HAL_GetTick
                0x08000b40        0xc CMakeFiles/Armor.elf.dir/Drivers/STM32F1xx_HAL_Driver/Src/stm32f1xx_hal.c.obj
                0x08000b40                HAL_GetTick
 .text.HAL_ADC_PollForConversion
                0x08000b4c      0x184 CMakeFiles/Armor.elf.dir/Drivers/STM32F1xx_HAL_Driver/Src/stm32f1xx_hal_adc.c.obj
                0x08000b4c                HAL_ADC_PollForConversion
 .text.HAL_ADC_GetValue
                0x08000cd0        0x6 CMakeFiles/Armor.elf.dir/Drivers/STM32F1xx_HAL_Driver/Src/stm32f1xx_hal_adc.c.obj
                0x08000cd0                HAL_ADC_GetValue
 *fill*         0x08000cd6        0x2 
 .text.HAL_ADC_ConfigChannel
                0x08000cd8      0x140 CMakeFiles/Armor.elf.dir/Drivers/STM32F1xx_HAL_Driver/Src/stm32f1xx_hal_adc.c.obj
                0x08000cd8                HAL_ADC_ConfigChannel
 .text.ADC_Enable
                0x08000e18       0x88 CMakeFiles/Armor.elf.dir/Drivers/STM32F1xx_HAL_Driver/Src/stm32f1xx_hal_adc.c.obj
                0x08000e18                ADC_Enable
 .text.HAL_ADC_Start
                0x08000ea0       0xe8 CMakeFiles/Armor.elf.dir/Drivers/STM32F1xx_HAL_Driver/Src/stm32f1xx_hal_adc.c.obj
                0x08000ea0                HAL_ADC_Start
 .text.ADC_ConversionStop_Disable
                0x08000f88       0x56 CMakeFiles/Armor.elf.dir/Drivers/STM32F1xx_HAL_Driver/Src/stm32f1xx_hal_adc.c.obj
                0x08000f88                ADC_ConversionStop_Disable
 *fill*         0x08000fde        0x2 
 .text.HAL_ADC_Init
                0x08000fe0      0x108 CMakeFiles/Armor.elf.dir/Drivers/STM32F1xx_HAL_Driver/Src/stm32f1xx_hal_adc.c.obj
                0x08000fe0                HAL_ADC_Init
 .text.HAL_ADC_Stop
                0x080010e8       0x34 CMakeFiles/Armor.elf.dir/Drivers/STM32F1xx_HAL_Driver/Src/stm32f1xx_hal_adc.c.obj
                0x080010e8                HAL_ADC_Stop
 .text.__NVIC_SetPriority
                0x0800111c       0x28 CMakeFiles/Armor.elf.dir/Drivers/STM32F1xx_HAL_Driver/Src/stm32f1xx_hal_cortex.c.obj
 .text.NVIC_EncodePriority
                0x08001144       0x3e CMakeFiles/Armor.elf.dir/Drivers/STM32F1xx_HAL_Driver/Src/stm32f1xx_hal_cortex.c.obj
 *fill*         0x08001182        0x2 
 .text.HAL_NVIC_SetPriorityGrouping
                0x08001184       0x24 CMakeFiles/Armor.elf.dir/Drivers/STM32F1xx_HAL_Driver/Src/stm32f1xx_hal_cortex.c.obj
                0x08001184                HAL_NVIC_SetPriorityGrouping
 .text.HAL_NVIC_SetPriority
                0x080011a8       0x20 CMakeFiles/Armor.elf.dir/Drivers/STM32F1xx_HAL_Driver/Src/stm32f1xx_hal_cortex.c.obj
                0x080011a8                HAL_NVIC_SetPriority
 .text.HAL_NVIC_EnableIRQ
                0x080011c8       0x1c CMakeFiles/Armor.elf.dir/Drivers/STM32F1xx_HAL_Driver/Src/stm32f1xx_hal_cortex.c.obj
                0x080011c8                HAL_NVIC_EnableIRQ
 .text.HAL_SYSTICK_Config
                0x080011e4       0x28 CMakeFiles/Armor.elf.dir/Drivers/STM32F1xx_HAL_Driver/Src/stm32f1xx_hal_cortex.c.obj
                0x080011e4                HAL_SYSTICK_Config
 .text.DMA_SetConfig
                0x0800120c       0x2c CMakeFiles/Armor.elf.dir/Drivers/STM32F1xx_HAL_Driver/Src/stm32f1xx_hal_dma.c.obj
 .text.HAL_DMA_Init
                0x08001238       0x68 CMakeFiles/Armor.elf.dir/Drivers/STM32F1xx_HAL_Driver/Src/stm32f1xx_hal_dma.c.obj
                0x08001238                HAL_DMA_Init
 .text.HAL_DMA_Start_IT
                0x080012a0       0x76 CMakeFiles/Armor.elf.dir/Drivers/STM32F1xx_HAL_Driver/Src/stm32f1xx_hal_dma.c.obj
                0x080012a0                HAL_DMA_Start_IT
 .text.HAL_DMA_Abort
                0x08001316       0x46 CMakeFiles/Armor.elf.dir/Drivers/STM32F1xx_HAL_Driver/Src/stm32f1xx_hal_dma.c.obj
                0x08001316                HAL_DMA_Abort
 .text.HAL_DMA_Abort_IT
                0x0800135c       0x98 CMakeFiles/Armor.elf.dir/Drivers/STM32F1xx_HAL_Driver/Src/stm32f1xx_hal_dma.c.obj
                0x0800135c                HAL_DMA_Abort_IT
 .text.HAL_DMA_IRQHandler
                0x080013f4      0x144 CMakeFiles/Armor.elf.dir/Drivers/STM32F1xx_HAL_Driver/Src/stm32f1xx_hal_dma.c.obj
                0x080013f4                HAL_DMA_IRQHandler
 .text.HAL_GPIO_Init
                0x08001538      0x214 CMakeFiles/Armor.elf.dir/Drivers/STM32F1xx_HAL_Driver/Src/stm32f1xx_hal_gpio.c.obj
                0x08001538                HAL_GPIO_Init
 .text.HAL_GPIO_EXTI_IRQHandler
                0x0800174c       0x1c CMakeFiles/Armor.elf.dir/Drivers/STM32F1xx_HAL_Driver/Src/stm32f1xx_hal_gpio.c.obj
                0x0800174c                HAL_GPIO_EXTI_IRQHandler
 .text.RCC_Delay
                0x08001768       0x2c CMakeFiles/Armor.elf.dir/Drivers/STM32F1xx_HAL_Driver/Src/stm32f1xx_hal_rcc.c.obj
 .text.HAL_RCC_OscConfig
                0x08001794      0x410 CMakeFiles/Armor.elf.dir/Drivers/STM32F1xx_HAL_Driver/Src/stm32f1xx_hal_rcc.c.obj
                0x08001794                HAL_RCC_OscConfig
 .text.HAL_RCC_GetSysClockFreq
                0x08001ba4       0x54 CMakeFiles/Armor.elf.dir/Drivers/STM32F1xx_HAL_Driver/Src/stm32f1xx_hal_rcc.c.obj
                0x08001ba4                HAL_RCC_GetSysClockFreq
 .text.HAL_RCC_ClockConfig
                0x08001bf8      0x16c CMakeFiles/Armor.elf.dir/Drivers/STM32F1xx_HAL_Driver/Src/stm32f1xx_hal_rcc.c.obj
                0x08001bf8                HAL_RCC_ClockConfig
 .text.HAL_RCC_GetHCLKFreq
                0x08001d64        0xc CMakeFiles/Armor.elf.dir/Drivers/STM32F1xx_HAL_Driver/Src/stm32f1xx_hal_rcc.c.obj
                0x08001d64                HAL_RCC_GetHCLKFreq
 .text.HAL_RCC_GetPCLK1Freq
                0x08001d70       0x20 CMakeFiles/Armor.elf.dir/Drivers/STM32F1xx_HAL_Driver/Src/stm32f1xx_hal_rcc.c.obj
                0x08001d70                HAL_RCC_GetPCLK1Freq
 .text.HAL_RCC_GetPCLK2Freq
                0x08001d90       0x20 CMakeFiles/Armor.elf.dir/Drivers/STM32F1xx_HAL_Driver/Src/stm32f1xx_hal_rcc.c.obj
                0x08001d90                HAL_RCC_GetPCLK2Freq
 .text.HAL_RCCEx_PeriphCLKConfig
                0x08001db0      0x118 CMakeFiles/Armor.elf.dir/Drivers/STM32F1xx_HAL_Driver/Src/stm32f1xx_hal_rcc_ex.c.obj
                0x08001db0                HAL_RCCEx_PeriphCLKConfig
 .text.HAL_RCCEx_GetPeriphCLKFreq
                0x08001ec8       0xd8 CMakeFiles/Armor.elf.dir/Drivers/STM32F1xx_HAL_Driver/Src/stm32f1xx_hal_rcc_ex.c.obj
                0x08001ec8                HAL_RCCEx_GetPeriphCLKFreq
 .text.TIM_OC1_SetConfig
                0x08001fa0       0x54 CMakeFiles/Armor.elf.dir/Drivers/STM32F1xx_HAL_Driver/Src/stm32f1xx_hal_tim.c.obj
 .text.TIM_OC3_SetConfig
                0x08001ff4       0x5c CMakeFiles/Armor.elf.dir/Drivers/STM32F1xx_HAL_Driver/Src/stm32f1xx_hal_tim.c.obj
 .text.TIM_OC4_SetConfig
                0x08002050       0x48 CMakeFiles/Armor.elf.dir/Drivers/STM32F1xx_HAL_Driver/Src/stm32f1xx_hal_tim.c.obj
 .text.TIM_TI1_ConfigInputStage
                0x08002098       0x24 CMakeFiles/Armor.elf.dir/Drivers/STM32F1xx_HAL_Driver/Src/stm32f1xx_hal_tim.c.obj
 .text.TIM_TI2_ConfigInputStage
                0x080020bc       0x26 CMakeFiles/Armor.elf.dir/Drivers/STM32F1xx_HAL_Driver/Src/stm32f1xx_hal_tim.c.obj
 .text.TIM_ITRx_SetConfig
                0x080020e2       0x10 CMakeFiles/Armor.elf.dir/Drivers/STM32F1xx_HAL_Driver/Src/stm32f1xx_hal_tim.c.obj
 *fill*         0x080020f2        0x2 
 .text.HAL_TIM_Base_Start
                0x080020f4       0x54 CMakeFiles/Armor.elf.dir/Drivers/STM32F1xx_HAL_Driver/Src/stm32f1xx_hal_tim.c.obj
                0x080020f4                HAL_TIM_Base_Start
 .text.HAL_TIM_Base_Stop
                0x08002148       0x28 CMakeFiles/Armor.elf.dir/Drivers/STM32F1xx_HAL_Driver/Src/stm32f1xx_hal_tim.c.obj
                0x08002148                HAL_TIM_Base_Stop
 .text.HAL_TIM_Base_Start_IT
                0x08002170       0x60 CMakeFiles/Armor.elf.dir/Drivers/STM32F1xx_HAL_Driver/Src/stm32f1xx_hal_tim.c.obj
                0x08002170                HAL_TIM_Base_Start_IT
 .text.HAL_TIM_PWM_MspInit
                0x080021d0        0x2 CMakeFiles/Armor.elf.dir/Drivers/STM32F1xx_HAL_Driver/Src/stm32f1xx_hal_tim.c.obj
                0x080021d0                HAL_TIM_PWM_MspInit
 .text.HAL_TIM_OC_DelayElapsedCallback
                0x080021d2        0x2 CMakeFiles/Armor.elf.dir/Drivers/STM32F1xx_HAL_Driver/Src/stm32f1xx_hal_tim.c.obj
                0x080021d2                HAL_TIM_OC_DelayElapsedCallback
 .text.HAL_TIM_IC_CaptureCallback
                0x080021d4        0x2 CMakeFiles/Armor.elf.dir/Drivers/STM32F1xx_HAL_Driver/Src/stm32f1xx_hal_tim.c.obj
                0x080021d4                HAL_TIM_IC_CaptureCallback
 .text.HAL_TIM_PWM_PulseFinishedCallback
                0x080021d6        0x2 CMakeFiles/Armor.elf.dir/Drivers/STM32F1xx_HAL_Driver/Src/stm32f1xx_hal_tim.c.obj
                0x080021d6                HAL_TIM_PWM_PulseFinishedCallback
 .text.HAL_TIM_TriggerCallback
                0x080021d8        0x2 CMakeFiles/Armor.elf.dir/Drivers/STM32F1xx_HAL_Driver/Src/stm32f1xx_hal_tim.c.obj
                0x080021d8                HAL_TIM_TriggerCallback
 .text.HAL_TIM_IRQHandler
                0x080021da      0x15e CMakeFiles/Armor.elf.dir/Drivers/STM32F1xx_HAL_Driver/Src/stm32f1xx_hal_tim.c.obj
                0x080021da                HAL_TIM_IRQHandler
 .text.TIM_Base_SetConfig
                0x08002338       0x74 CMakeFiles/Armor.elf.dir/Drivers/STM32F1xx_HAL_Driver/Src/stm32f1xx_hal_tim.c.obj
                0x08002338                TIM_Base_SetConfig
 .text.HAL_TIM_Base_Init
                0x080023ac       0x58 CMakeFiles/Armor.elf.dir/Drivers/STM32F1xx_HAL_Driver/Src/stm32f1xx_hal_tim.c.obj
                0x080023ac                HAL_TIM_Base_Init
 .text.HAL_TIM_PWM_Init
                0x08002404       0x58 CMakeFiles/Armor.elf.dir/Drivers/STM32F1xx_HAL_Driver/Src/stm32f1xx_hal_tim.c.obj
                0x08002404                HAL_TIM_PWM_Init
 .text.TIM_OC2_SetConfig
                0x0800245c       0x5c CMakeFiles/Armor.elf.dir/Drivers/STM32F1xx_HAL_Driver/Src/stm32f1xx_hal_tim.c.obj
                0x0800245c                TIM_OC2_SetConfig
 .text.HAL_TIM_PWM_ConfigChannel
                0x080024b8       0xdc CMakeFiles/Armor.elf.dir/Drivers/STM32F1xx_HAL_Driver/Src/stm32f1xx_hal_tim.c.obj
                0x080024b8                HAL_TIM_PWM_ConfigChannel
 .text.TIM_ETR_SetConfig
                0x08002594       0x18 CMakeFiles/Armor.elf.dir/Drivers/STM32F1xx_HAL_Driver/Src/stm32f1xx_hal_tim.c.obj
                0x08002594                TIM_ETR_SetConfig
 .text.HAL_TIM_ConfigClockSource
                0x080025ac       0xfe CMakeFiles/Armor.elf.dir/Drivers/STM32F1xx_HAL_Driver/Src/stm32f1xx_hal_tim.c.obj
                0x080025ac                HAL_TIM_ConfigClockSource
 .text.TIM_CCxChannelCmd
                0x080026aa       0x1e CMakeFiles/Armor.elf.dir/Drivers/STM32F1xx_HAL_Driver/Src/stm32f1xx_hal_tim.c.obj
                0x080026aa                TIM_CCxChannelCmd
 .text.HAL_TIM_PWM_Start
                0x080026c8       0xd4 CMakeFiles/Armor.elf.dir/Drivers/STM32F1xx_HAL_Driver/Src/stm32f1xx_hal_tim.c.obj
                0x080026c8                HAL_TIM_PWM_Start
 .text.HAL_TIMEx_MasterConfigSynchronization
                0x0800279c       0x64 CMakeFiles/Armor.elf.dir/Drivers/STM32F1xx_HAL_Driver/Src/stm32f1xx_hal_tim_ex.c.obj
                0x0800279c                HAL_TIMEx_MasterConfigSynchronization
 .text.HAL_TIMEx_CommutCallback
                0x08002800        0x2 CMakeFiles/Armor.elf.dir/Drivers/STM32F1xx_HAL_Driver/Src/stm32f1xx_hal_tim_ex.c.obj
                0x08002800                HAL_TIMEx_CommutCallback
 .text.HAL_TIMEx_BreakCallback
                0x08002802        0x2 CMakeFiles/Armor.elf.dir/Drivers/STM32F1xx_HAL_Driver/Src/stm32f1xx_hal_tim_ex.c.obj
                0x08002802                HAL_TIMEx_BreakCallback
 .text.UART_EndTxTransfer
                0x08002804       0x20 CMakeFiles/Armor.elf.dir/Drivers/STM32F1xx_HAL_Driver/Src/stm32f1xx_hal_uart.c.obj
 .text.UART_EndRxTransfer
                0x08002824       0x5c CMakeFiles/Armor.elf.dir/Drivers/STM32F1xx_HAL_Driver/Src/stm32f1xx_hal_uart.c.obj
 .text.UART_Transmit_IT
                0x08002880       0x60 CMakeFiles/Armor.elf.dir/Drivers/STM32F1xx_HAL_Driver/Src/stm32f1xx_hal_uart.c.obj
 .text.UART_SetConfig
                0x080028e0       0x94 CMakeFiles/Armor.elf.dir/Drivers/STM32F1xx_HAL_Driver/Src/stm32f1xx_hal_uart.c.obj
 .text.UART_WaitOnFlagUntilTimeout
                0x08002974       0x86 CMakeFiles/Armor.elf.dir/Drivers/STM32F1xx_HAL_Driver/Src/stm32f1xx_hal_uart.c.obj
 .text.HAL_UART_Init
                0x080029fa       0x60 CMakeFiles/Armor.elf.dir/Drivers/STM32F1xx_HAL_Driver/Src/stm32f1xx_hal_uart.c.obj
                0x080029fa                HAL_UART_Init
 .text.HAL_UART_Transmit
                0x08002a5a       0xcc CMakeFiles/Armor.elf.dir/Drivers/STM32F1xx_HAL_Driver/Src/stm32f1xx_hal_uart.c.obj
                0x08002a5a                HAL_UART_Transmit
 .text.HAL_UART_TxCpltCallback
                0x08002b26        0x2 CMakeFiles/Armor.elf.dir/Drivers/STM32F1xx_HAL_Driver/Src/stm32f1xx_hal_uart.c.obj
                0x08002b26                HAL_UART_TxCpltCallback
 .text.UART_EndTransmit_IT
                0x08002b28       0x1a CMakeFiles/Armor.elf.dir/Drivers/STM32F1xx_HAL_Driver/Src/stm32f1xx_hal_uart.c.obj
 .text.HAL_UART_RxCpltCallback
                0x08002b42        0x2 CMakeFiles/Armor.elf.dir/Drivers/STM32F1xx_HAL_Driver/Src/stm32f1xx_hal_uart.c.obj
                0x08002b42                HAL_UART_RxCpltCallback
 .text.HAL_UART_RxHalfCpltCallback
                0x08002b44        0x2 CMakeFiles/Armor.elf.dir/Drivers/STM32F1xx_HAL_Driver/Src/stm32f1xx_hal_uart.c.obj
                0x08002b44                HAL_UART_RxHalfCpltCallback
 .text.HAL_UART_ErrorCallback
                0x08002b46        0x2 CMakeFiles/Armor.elf.dir/Drivers/STM32F1xx_HAL_Driver/Src/stm32f1xx_hal_uart.c.obj
                0x08002b46                HAL_UART_ErrorCallback
 .text.UART_DMAError
                0x08002b48       0x58 CMakeFiles/Armor.elf.dir/Drivers/STM32F1xx_HAL_Driver/Src/stm32f1xx_hal_uart.c.obj
 .text.UART_DMAAbortOnError
                0x08002ba0       0x10 CMakeFiles/Armor.elf.dir/Drivers/STM32F1xx_HAL_Driver/Src/stm32f1xx_hal_uart.c.obj
 .text.UART_Receive_IT
                0x08002bb0       0xe6 CMakeFiles/Armor.elf.dir/Drivers/STM32F1xx_HAL_Driver/Src/stm32f1xx_hal_uart.c.obj
 *fill*         0x08002c96        0x2 
 .text.HAL_UART_IRQHandler
                0x08002c98      0x284 CMakeFiles/Armor.elf.dir/Drivers/STM32F1xx_HAL_Driver/Src/stm32f1xx_hal_uart.c.obj
                0x08002c98                HAL_UART_IRQHandler
 .text.UART_DMARxHalfCplt
                0x08002f1c       0x1e CMakeFiles/Armor.elf.dir/Drivers/STM32F1xx_HAL_Driver/Src/stm32f1xx_hal_uart.c.obj
 .text.UART_DMAReceiveCplt
                0x08002f3a       0x9a CMakeFiles/Armor.elf.dir/Drivers/STM32F1xx_HAL_Driver/Src/stm32f1xx_hal_uart.c.obj
 .text.UART_Start_Receive_DMA
                0x08002fd4       0xa4 CMakeFiles/Armor.elf.dir/Drivers/STM32F1xx_HAL_Driver/Src/stm32f1xx_hal_uart.c.obj
                0x08002fd4                UART_Start_Receive_DMA
 .text.HAL_UARTEx_ReceiveToIdle_DMA
                0x08003078       0x62 CMakeFiles/Armor.elf.dir/Drivers/STM32F1xx_HAL_Driver/Src/stm32f1xx_hal_uart.c.obj
                0x08003078                HAL_UARTEx_ReceiveToIdle_DMA
 *fill*         0x080030da        0x2 
 .text.memset   0x080030dc       0xa0 F:/CLion_Tools/10 2021.10/bin/../lib/gcc/arm-none-eabi/13.3.1/thumb/v7-m/nofp\libg.a(libc_a-memset.o)
                0x080030dc                memset
 .text.__libc_init_array
                0x0800317c       0x50 F:/CLion_Tools/10 2021.10/bin/../lib/gcc/arm-none-eabi/13.3.1/thumb/v7-m/nofp\libg.a(libc_a-init.o)
                0x0800317c                __libc_init_array
 .text.__retarget_lock_acquire_recursive
                0x080031cc        0x4 F:/CLion_Tools/10 2021.10/bin/../lib/gcc/arm-none-eabi/13.3.1/thumb/v7-m/nofp\libg.a(libc_a-lock.o)
                0x080031cc                __retarget_lock_acquire_recursive
 .text.__retarget_lock_release_recursive
                0x080031d0        0x4 F:/CLion_Tools/10 2021.10/bin/../lib/gcc/arm-none-eabi/13.3.1/thumb/v7-m/nofp\libg.a(libc_a-lock.o)
                0x080031d0                __retarget_lock_release_recursive
 .text.startup.register_fini
                0x080031d4       0x14 F:/CLion_Tools/10 2021.10/bin/../lib/gcc/arm-none-eabi/13.3.1/thumb/v7-m/nofp\libg.a(libc_a-__call_atexit.o)
 .text.atexit   0x080031e8        0xc F:/CLion_Tools/10 2021.10/bin/../lib/gcc/arm-none-eabi/13.3.1/thumb/v7-m/nofp\libg.a(libc_a-atexit.o)
                0x080031e8                atexit
 .text.__libc_fini_array
                0x080031f4       0x28 F:/CLion_Tools/10 2021.10/bin/../lib/gcc/arm-none-eabi/13.3.1/thumb/v7-m/nofp\libg.a(libc_a-fini.o)
                0x080031f4                __libc_fini_array
 .text.__register_exitproc
                0x0800321c       0x80 F:/CLion_Tools/10 2021.10/bin/../lib/gcc/arm-none-eabi/13.3.1/thumb/v7-m/nofp\libg.a(libc_a-__atexit.o)
                0x0800321c                __register_exitproc
 *(.glue_7)
 .glue_7        0x0800329c        0x0 linker stubs
 *(.glue_7t)
 .glue_7t       0x0800329c        0x0 linker stubs
 *(.eh_frame)
 .eh_frame      0x0800329c        0x0 F:/CLion_Tools/10 2021.10/bin/../lib/gcc/arm-none-eabi/13.3.1/thumb/v7-m/nofp/crtbegin.o
 *(.init)
 .init          0x0800329c        0x4 F:/CLion_Tools/10 2021.10/bin/../lib/gcc/arm-none-eabi/13.3.1/thumb/v7-m/nofp/crti.o
                0x0800329c                _init
 .init          0x080032a0        0x8 F:/CLion_Tools/10 2021.10/bin/../lib/gcc/arm-none-eabi/13.3.1/thumb/v7-m/nofp/crtn.o
 *(.fini)
 .fini          0x080032a8        0x4 F:/CLion_Tools/10 2021.10/bin/../lib/gcc/arm-none-eabi/13.3.1/thumb/v7-m/nofp/crti.o
                0x080032a8                _fini
 .fini          0x080032ac        0x8 F:/CLion_Tools/10 2021.10/bin/../lib/gcc/arm-none-eabi/13.3.1/thumb/v7-m/nofp/crtn.o
                0x080032b4                        . = ALIGN (0x4)
                0x080032b4                        _etext = .

.vfp11_veneer   0x080032b4        0x0
 .vfp11_veneer  0x080032b4        0x0 linker stubs

.v4_bx          0x080032b4        0x0
 .v4_bx         0x080032b4        0x0 linker stubs

.iplt           0x080032b4        0x0
 .iplt          0x080032b4        0x0 F:/CLion_Tools/10 2021.10/bin/../lib/gcc/arm-none-eabi/13.3.1/thumb/v7-m/nofp/crtbegin.o

.rodata         0x080032b4       0x40
                0x080032b4                        . = ALIGN (0x4)
 *(.rodata)
 *(.rodata*)
 .rodata.APBPrescTable
                0x080032b4        0x8 CMakeFiles/Armor.elf.dir/Core/Src/system_stm32f1xx.c.obj
                0x080032b4                APBPrescTable
 .rodata.AHBPrescTable
                0x080032bc       0x10 CMakeFiles/Armor.elf.dir/Core/Src/system_stm32f1xx.c.obj
                0x080032bc                AHBPrescTable
 .rodata.aPredivFactorTable.0
                0x080032cc        0x2 CMakeFiles/Armor.elf.dir/Drivers/STM32F1xx_HAL_Driver/Src/stm32f1xx_hal_rcc.c.obj
 *fill*         0x080032ce        0x2 
 .rodata.aPLLMULFactorTable.1
                0x080032d0       0x10 CMakeFiles/Armor.elf.dir/Drivers/STM32F1xx_HAL_Driver/Src/stm32f1xx_hal_rcc.c.obj
 .rodata.aPredivFactorTable.0
                0x080032e0        0x2 CMakeFiles/Armor.elf.dir/Drivers/STM32F1xx_HAL_Driver/Src/stm32f1xx_hal_rcc_ex.c.obj
 *fill*         0x080032e2        0x2 
 .rodata.aPLLMULFactorTable.1
                0x080032e4       0x10 CMakeFiles/Armor.elf.dir/Drivers/STM32F1xx_HAL_Driver/Src/stm32f1xx_hal_rcc_ex.c.obj
                0x080032f4                        . = ALIGN (0x4)

.ARM.extab      0x080032f4        0x0
                0x080032f4                        . = ALIGN (0x4)
 *(.ARM.extab* .gnu.linkonce.armextab.*)
                0x080032f4                        . = ALIGN (0x4)

.ARM            0x080032f4        0x0
                0x080032f4                        . = ALIGN (0x4)
                0x080032f4                        __exidx_start = .
 *(.ARM.exidx*)
                0x080032f4                        __exidx_end = .
                0x080032f4                        . = ALIGN (0x4)

.preinit_array  0x080032f4        0x0
                0x080032f4                        . = ALIGN (0x4)
                0x080032f4                        PROVIDE (__preinit_array_start = .)
 *(.preinit_array*)
                0x080032f4                        PROVIDE (__preinit_array_end = .)
                0x080032f4                        . = ALIGN (0x4)

.init_array     0x080032f4        0x8
                0x080032f4                        . = ALIGN (0x4)
                0x080032f4                        PROVIDE (__init_array_start = .)
 *(SORT_BY_NAME(.init_array.*))
 .init_array.00000
                0x080032f4        0x4 F:/CLion_Tools/10 2021.10/bin/../lib/gcc/arm-none-eabi/13.3.1/thumb/v7-m/nofp\libg.a(libc_a-__call_atexit.o)
 *(.init_array*)
 .init_array    0x080032f8        0x4 F:/CLion_Tools/10 2021.10/bin/../lib/gcc/arm-none-eabi/13.3.1/thumb/v7-m/nofp/crtbegin.o
                0x080032fc                        PROVIDE (__init_array_end = .)
                0x080032fc                        . = ALIGN (0x4)

.fini_array     0x080032fc        0x4
                0x080032fc                        . = ALIGN (0x4)
                0x080032fc                        PROVIDE (__fini_array_start = .)
 *(SORT_BY_NAME(.fini_array.*))
 *(.fini_array*)
 .fini_array    0x080032fc        0x4 F:/CLion_Tools/10 2021.10/bin/../lib/gcc/arm-none-eabi/13.3.1/thumb/v7-m/nofp/crtbegin.o
                0x08003300                        PROVIDE (__fini_array_end = .)
                0x08003300                        . = ALIGN (0x4)
                0x08003300                        _sidata = LOADADDR (.data)

.rel.dyn        0x08003300        0x0
 .rel.iplt      0x08003300        0x0 F:/CLion_Tools/10 2021.10/bin/../lib/gcc/arm-none-eabi/13.3.1/thumb/v7-m/nofp/crtbegin.o

.data           0x20000000       0x14 load address 0x08003300
                0x20000000                        . = ALIGN (0x4)
                0x20000000                        _sdata = .
 *(.data)
 *(.data*)
 .data.SystemCoreClock
                0x20000000        0x4 CMakeFiles/Armor.elf.dir/Core/Src/system_stm32f1xx.c.obj
                0x20000000                SystemCoreClock
 .data.Count    0x20000004        0x4 CMakeFiles/Armor.elf.dir/Core/bsp/bsp.c.obj
                0x20000004                Count
 .data.Id       0x20000008        0x1 CMakeFiles/Armor.elf.dir/Core/bsp/bsp.c.obj
                0x20000008                Id
 .data.color    0x20000009        0x1 CMakeFiles/Armor.elf.dir/Core/bsp/bsp.c.obj
                0x20000009                color
 .data.uwTickFreq
                0x2000000a        0x1 CMakeFiles/Armor.elf.dir/Drivers/STM32F1xx_HAL_Driver/Src/stm32f1xx_hal.c.obj
                0x2000000a                uwTickFreq
 *fill*         0x2000000b        0x1 
 .data.uwTickPrio
                0x2000000c        0x4 CMakeFiles/Armor.elf.dir/Drivers/STM32F1xx_HAL_Driver/Src/stm32f1xx_hal.c.obj
                0x2000000c                uwTickPrio
 .data.__atexit_recursive_mutex
                0x20000010        0x4 F:/CLion_Tools/10 2021.10/bin/../lib/gcc/arm-none-eabi/13.3.1/thumb/v7-m/nofp\libg.a(libc_a-__call_atexit.o)
                0x20000010                __atexit_recursive_mutex
 *(.RamFunc)
 *(.RamFunc*)
                0x20000014                        . = ALIGN (0x4)
                0x20000014                        _edata = .

.tm_clone_table
                0x20000014        0x0 load address 0x08003314
 .tm_clone_table
                0x20000014        0x0 F:/CLion_Tools/10 2021.10/bin/../lib/gcc/arm-none-eabi/13.3.1/thumb/v7-m/nofp/crtbegin.o
 .tm_clone_table
                0x20000014        0x0 F:/CLion_Tools/10 2021.10/bin/../lib/gcc/arm-none-eabi/13.3.1/thumb/v7-m/nofp/crtend.o

.igot.plt       0x20000014        0x0 load address 0x08003314
 .igot.plt      0x20000014        0x0 F:/CLion_Tools/10 2021.10/bin/../lib/gcc/arm-none-eabi/13.3.1/thumb/v7-m/nofp/crtbegin.o
                0x20000014                        . = ALIGN (0x4)

.bss            0x20000014      0x3d4 load address 0x08003314
                0x20000014                        _sbss = .
                0x20000014                        __bss_start__ = _sbss
 *(.bss)
 *(.bss*)
 .bss.completed.1
                0x20000014        0x1 F:/CLion_Tools/10 2021.10/bin/../lib/gcc/arm-none-eabi/13.3.1/thumb/v7-m/nofp/crtbegin.o
 *fill*         0x20000015        0x3 
 .bss.object.0  0x20000018       0x18 F:/CLion_Tools/10 2021.10/bin/../lib/gcc/arm-none-eabi/13.3.1/thumb/v7-m/nofp/crtbegin.o
 .bss.hadc1     0x20000030       0x30 CMakeFiles/Armor.elf.dir/Core/Src/adc.c.obj
                0x20000030                hadc1
 .bss.htim3     0x20000060       0x48 CMakeFiles/Armor.elf.dir/Core/Src/tim.c.obj
                0x20000060                htim3
 .bss.htim2     0x200000a8       0x48 CMakeFiles/Armor.elf.dir/Core/Src/tim.c.obj
                0x200000a8                htim2
 .bss.htim1     0x200000f0       0x48 CMakeFiles/Armor.elf.dir/Core/Src/tim.c.obj
                0x200000f0                htim1
 .bss.hdma_usart1_rx
                0x20000138       0x44 CMakeFiles/Armor.elf.dir/Core/Src/usart.c.obj
                0x20000138                hdma_usart1_rx
 .bss.huart1    0x2000017c       0x48 CMakeFiles/Armor.elf.dir/Core/Src/usart.c.obj
                0x2000017c                huart1
 .bss.rx_buf    0x200001c4       0x80 CMakeFiles/Armor.elf.dir/Core/bsp/bsp.c.obj
                0x200001c4                rx_buf
 .bss.tmp       0x20000244        0x4 CMakeFiles/Armor.elf.dir/Core/bsp/bsp.c.obj
                0x20000244                tmp
 .bss.Mic_value
                0x20000248        0x4 CMakeFiles/Armor.elf.dir/Core/bsp/bsp.c.obj
                0x20000248                Mic_value
 .bss.uwTick    0x2000024c        0x4 CMakeFiles/Armor.elf.dir/Drivers/STM32F1xx_HAL_Driver/Src/stm32f1xx_hal.c.obj
                0x2000024c                uwTick
 .bss.__lock___atexit_recursive_mutex
                0x20000250        0x1 F:/CLion_Tools/10 2021.10/bin/../lib/gcc/arm-none-eabi/13.3.1/thumb/v7-m/nofp\libg.a(libc_a-lock.o)
                0x20000250                __lock___atexit_recursive_mutex
 *fill*         0x20000251        0x3 
 .bss.__atexit  0x20000254        0x4 F:/CLion_Tools/10 2021.10/bin/../lib/gcc/arm-none-eabi/13.3.1/thumb/v7-m/nofp\libg.a(libc_a-__call_atexit.o)
                0x20000254                __atexit
 .bss.__atexit0
                0x20000258      0x190 F:/CLion_Tools/10 2021.10/bin/../lib/gcc/arm-none-eabi/13.3.1/thumb/v7-m/nofp\libg.a(libc_a-__atexit.o)
                0x20000258                __atexit0
 *(COMMON)
                0x200003e8                        . = ALIGN (0x4)
                0x200003e8                        _ebss = .
                0x200003e8                        __bss_end__ = _ebss

._user_heap_stack
                0x200003e8      0x600 load address 0x08003314
                0x200003e8                        . = ALIGN (0x8)
                [!provide]                        PROVIDE (end = .)
                0x200003e8                        PROVIDE (_end = .)
                0x200005e8                        . = (. + _Min_Heap_Size)
 *fill*         0x200003e8      0x200 
                0x200009e8                        . = (. + _Min_Stack_Size)
 *fill*         0x200005e8      0x400 
                0x200009e8                        . = ALIGN (0x8)

/DISCARD/
 libc.a(*)
 libm.a(*)
 libgcc.a(*)

.ARM.attributes
                0x00000000       0x29
 *(.ARM.attributes)
 .ARM.attributes
                0x00000000       0x1d F:/CLion_Tools/10 2021.10/bin/../lib/gcc/arm-none-eabi/13.3.1/thumb/v7-m/nofp/crti.o
 .ARM.attributes
                0x0000001d       0x2d F:/CLion_Tools/10 2021.10/bin/../lib/gcc/arm-none-eabi/13.3.1/thumb/v7-m/nofp/crtbegin.o
 .ARM.attributes
                0x0000004a       0x2d CMakeFiles/Armor.elf.dir/Core/Src/adc.c.obj
 .ARM.attributes
                0x00000077       0x2d CMakeFiles/Armor.elf.dir/Core/Src/dma.c.obj
 .ARM.attributes
                0x000000a4       0x2d CMakeFiles/Armor.elf.dir/Core/Src/gpio.c.obj
 .ARM.attributes
                0x000000d1       0x2d CMakeFiles/Armor.elf.dir/Core/Src/main.c.obj
 .ARM.attributes
                0x000000fe       0x2d CMakeFiles/Armor.elf.dir/Core/Src/stm32f1xx_hal_msp.c.obj
 .ARM.attributes
                0x0000012b       0x2d CMakeFiles/Armor.elf.dir/Core/Src/stm32f1xx_it.c.obj
 .ARM.attributes
                0x00000158       0x2d CMakeFiles/Armor.elf.dir/Core/Src/system_stm32f1xx.c.obj
 .ARM.attributes
                0x00000185       0x2d CMakeFiles/Armor.elf.dir/Core/Src/tim.c.obj
 .ARM.attributes
                0x000001b2       0x2d CMakeFiles/Armor.elf.dir/Core/Src/usart.c.obj
 .ARM.attributes
                0x000001df       0x21 CMakeFiles/Armor.elf.dir/Core/Startup/startup_stm32f103c6tx.s.obj
 .ARM.attributes
                0x00000200       0x2d CMakeFiles/Armor.elf.dir/Core/bsp/bsp.c.obj
 .ARM.attributes
                0x0000022d       0x2d CMakeFiles/Armor.elf.dir/Drivers/STM32F1xx_HAL_Driver/Src/stm32f1xx_hal.c.obj
 .ARM.attributes
                0x0000025a       0x2d CMakeFiles/Armor.elf.dir/Drivers/STM32F1xx_HAL_Driver/Src/stm32f1xx_hal_adc.c.obj
 .ARM.attributes
                0x00000287       0x2d CMakeFiles/Armor.elf.dir/Drivers/STM32F1xx_HAL_Driver/Src/stm32f1xx_hal_cortex.c.obj
 .ARM.attributes
                0x000002b4       0x2d CMakeFiles/Armor.elf.dir/Drivers/STM32F1xx_HAL_Driver/Src/stm32f1xx_hal_dma.c.obj
 .ARM.attributes
                0x000002e1       0x2d CMakeFiles/Armor.elf.dir/Drivers/STM32F1xx_HAL_Driver/Src/stm32f1xx_hal_gpio.c.obj
 .ARM.attributes
                0x0000030e       0x2d CMakeFiles/Armor.elf.dir/Drivers/STM32F1xx_HAL_Driver/Src/stm32f1xx_hal_rcc.c.obj
 .ARM.attributes
                0x0000033b       0x2d CMakeFiles/Armor.elf.dir/Drivers/STM32F1xx_HAL_Driver/Src/stm32f1xx_hal_rcc_ex.c.obj
 .ARM.attributes
                0x00000368       0x2d CMakeFiles/Armor.elf.dir/Drivers/STM32F1xx_HAL_Driver/Src/stm32f1xx_hal_tim.c.obj
 .ARM.attributes
                0x00000395       0x2d CMakeFiles/Armor.elf.dir/Drivers/STM32F1xx_HAL_Driver/Src/stm32f1xx_hal_tim_ex.c.obj
 .ARM.attributes
                0x000003c2       0x2d CMakeFiles/Armor.elf.dir/Drivers/STM32F1xx_HAL_Driver/Src/stm32f1xx_hal_uart.c.obj
 .ARM.attributes
                0x000003ef       0x2d F:/CLion_Tools/10 2021.10/bin/../lib/gcc/arm-none-eabi/13.3.1/thumb/v7-m/nofp\libg.a(libc_a-memset.o)
 .ARM.attributes
                0x0000041c       0x2d F:/CLion_Tools/10 2021.10/bin/../lib/gcc/arm-none-eabi/13.3.1/thumb/v7-m/nofp\libg.a(libc_a-init.o)
 .ARM.attributes
                0x00000449       0x2d F:/CLion_Tools/10 2021.10/bin/../lib/gcc/arm-none-eabi/13.3.1/thumb/v7-m/nofp\libg.a(libc_a-lock.o)
 .ARM.attributes
                0x00000476       0x2d F:/CLion_Tools/10 2021.10/bin/../lib/gcc/arm-none-eabi/13.3.1/thumb/v7-m/nofp\libg.a(libc_a-__call_atexit.o)
 .ARM.attributes
                0x000004a3       0x2d F:/CLion_Tools/10 2021.10/bin/../lib/gcc/arm-none-eabi/13.3.1/thumb/v7-m/nofp\libg.a(libc_a-atexit.o)
 .ARM.attributes
                0x000004d0       0x2d F:/CLion_Tools/10 2021.10/bin/../lib/gcc/arm-none-eabi/13.3.1/thumb/v7-m/nofp\libg.a(libc_a-fini.o)
 .ARM.attributes
                0x000004fd       0x2d F:/CLion_Tools/10 2021.10/bin/../lib/gcc/arm-none-eabi/13.3.1/thumb/v7-m/nofp\libg.a(libc_a-__atexit.o)
 .ARM.attributes
                0x0000052a       0x2d F:/CLion_Tools/10 2021.10/bin/../lib/gcc/arm-none-eabi/13.3.1/thumb/v7-m/nofp/crtend.o
 .ARM.attributes
                0x00000557       0x1d F:/CLion_Tools/10 2021.10/bin/../lib/gcc/arm-none-eabi/13.3.1/thumb/v7-m/nofp/crtn.o
OUTPUT(Armor.elf elf32-littlearm)
LOAD linker stubs
LOAD F:/CLion_Tools/10 2021.10/bin/../lib/gcc/arm-none-eabi/13.3.1/thumb/v7-m/nofp\libc.a
LOAD F:/CLion_Tools/10 2021.10/bin/../lib/gcc/arm-none-eabi/13.3.1/thumb/v7-m/nofp\libm.a
LOAD F:/CLion_Tools/10 2021.10/bin/../lib/gcc/arm-none-eabi/13.3.1/thumb/v7-m/nofp\libgcc.a

.debug_info     0x00000000    0x1282d
 .debug_info    0x00000000      0x839 CMakeFiles/Armor.elf.dir/Core/Src/adc.c.obj
 .debug_info    0x00000839      0x2dd CMakeFiles/Armor.elf.dir/Core/Src/dma.c.obj
 .debug_info    0x00000b16      0x456 CMakeFiles/Armor.elf.dir/Core/Src/gpio.c.obj
 .debug_info    0x00000f6c      0xcc2 CMakeFiles/Armor.elf.dir/Core/Src/main.c.obj
 .debug_info    0x00001c2e      0x1f4 CMakeFiles/Armor.elf.dir/Core/Src/stm32f1xx_hal_msp.c.obj
 .debug_info    0x00001e22      0xa0c CMakeFiles/Armor.elf.dir/Core/Src/stm32f1xx_it.c.obj
 .debug_info    0x0000282e      0x22d CMakeFiles/Armor.elf.dir/Core/Src/system_stm32f1xx.c.obj
 .debug_info    0x00002a5b      0xe8d CMakeFiles/Armor.elf.dir/Core/Src/tim.c.obj
 .debug_info    0x000038e8      0xa33 CMakeFiles/Armor.elf.dir/Core/Src/usart.c.obj
 .debug_info    0x0000431b       0x30 CMakeFiles/Armor.elf.dir/Core/Startup/startup_stm32f103c6tx.s.obj
 .debug_info    0x0000434b      0xfad CMakeFiles/Armor.elf.dir/Core/bsp/bsp.c.obj
 .debug_info    0x000052f8      0x784 CMakeFiles/Armor.elf.dir/Drivers/STM32F1xx_HAL_Driver/Src/stm32f1xx_hal.c.obj
 .debug_info    0x00005a7c      0xed9 CMakeFiles/Armor.elf.dir/Drivers/STM32F1xx_HAL_Driver/Src/stm32f1xx_hal_adc.c.obj
 .debug_info    0x00006955      0xcbb CMakeFiles/Armor.elf.dir/Drivers/STM32F1xx_HAL_Driver/Src/stm32f1xx_hal_cortex.c.obj
 .debug_info    0x00007610      0x7f2 CMakeFiles/Armor.elf.dir/Drivers/STM32F1xx_HAL_Driver/Src/stm32f1xx_hal_dma.c.obj
 .debug_info    0x00007e02      0x604 CMakeFiles/Armor.elf.dir/Drivers/STM32F1xx_HAL_Driver/Src/stm32f1xx_hal_gpio.c.obj
 .debug_info    0x00008406      0x9c7 CMakeFiles/Armor.elf.dir/Drivers/STM32F1xx_HAL_Driver/Src/stm32f1xx_hal_rcc.c.obj
 .debug_info    0x00008dcd      0x420 CMakeFiles/Armor.elf.dir/Drivers/STM32F1xx_HAL_Driver/Src/stm32f1xx_hal_rcc_ex.c.obj
 .debug_info    0x000091ed     0x3c0f CMakeFiles/Armor.elf.dir/Drivers/STM32F1xx_HAL_Driver/Src/stm32f1xx_hal_tim.c.obj
 .debug_info    0x0000cdfc     0x1aac CMakeFiles/Armor.elf.dir/Drivers/STM32F1xx_HAL_Driver/Src/stm32f1xx_hal_tim_ex.c.obj
 .debug_info    0x0000e8a8     0x3f85 CMakeFiles/Armor.elf.dir/Drivers/STM32F1xx_HAL_Driver/Src/stm32f1xx_hal_uart.c.obj

.debug_abbrev   0x00000000     0x2a6e
 .debug_abbrev  0x00000000      0x1ff CMakeFiles/Armor.elf.dir/Core/Src/adc.c.obj
 .debug_abbrev  0x000001ff      0x119 CMakeFiles/Armor.elf.dir/Core/Src/dma.c.obj
 .debug_abbrev  0x00000318      0x170 CMakeFiles/Armor.elf.dir/Core/Src/gpio.c.obj
 .debug_abbrev  0x00000488      0x235 CMakeFiles/Armor.elf.dir/Core/Src/main.c.obj
 .debug_abbrev  0x000006bd       0xed CMakeFiles/Armor.elf.dir/Core/Src/stm32f1xx_hal_msp.c.obj
 .debug_abbrev  0x000007aa      0x1e6 CMakeFiles/Armor.elf.dir/Core/Src/stm32f1xx_it.c.obj
 .debug_abbrev  0x00000990      0x143 CMakeFiles/Armor.elf.dir/Core/Src/system_stm32f1xx.c.obj
 .debug_abbrev  0x00000ad3      0x261 CMakeFiles/Armor.elf.dir/Core/Src/tim.c.obj
 .debug_abbrev  0x00000d34      0x237 CMakeFiles/Armor.elf.dir/Core/Src/usart.c.obj
 .debug_abbrev  0x00000f6b       0x24 CMakeFiles/Armor.elf.dir/Core/Startup/startup_stm32f103c6tx.s.obj
 .debug_abbrev  0x00000f8f      0x246 CMakeFiles/Armor.elf.dir/Core/bsp/bsp.c.obj
 .debug_abbrev  0x000011d5      0x22d CMakeFiles/Armor.elf.dir/Drivers/STM32F1xx_HAL_Driver/Src/stm32f1xx_hal.c.obj
 .debug_abbrev  0x00001402      0x252 CMakeFiles/Armor.elf.dir/Drivers/STM32F1xx_HAL_Driver/Src/stm32f1xx_hal_adc.c.obj
 .debug_abbrev  0x00001654      0x36d CMakeFiles/Armor.elf.dir/Drivers/STM32F1xx_HAL_Driver/Src/stm32f1xx_hal_cortex.c.obj
 .debug_abbrev  0x000019c1      0x244 CMakeFiles/Armor.elf.dir/Drivers/STM32F1xx_HAL_Driver/Src/stm32f1xx_hal_dma.c.obj
 .debug_abbrev  0x00001c05      0x1f7 CMakeFiles/Armor.elf.dir/Drivers/STM32F1xx_HAL_Driver/Src/stm32f1xx_hal_gpio.c.obj
 .debug_abbrev  0x00001dfc      0x2a0 CMakeFiles/Armor.elf.dir/Drivers/STM32F1xx_HAL_Driver/Src/stm32f1xx_hal_rcc.c.obj
 .debug_abbrev  0x0000209c      0x1d8 CMakeFiles/Armor.elf.dir/Drivers/STM32F1xx_HAL_Driver/Src/stm32f1xx_hal_rcc_ex.c.obj
 .debug_abbrev  0x00002274      0x270 CMakeFiles/Armor.elf.dir/Drivers/STM32F1xx_HAL_Driver/Src/stm32f1xx_hal_tim.c.obj
 .debug_abbrev  0x000024e4      0x26e CMakeFiles/Armor.elf.dir/Drivers/STM32F1xx_HAL_Driver/Src/stm32f1xx_hal_tim_ex.c.obj
 .debug_abbrev  0x00002752      0x31c CMakeFiles/Armor.elf.dir/Drivers/STM32F1xx_HAL_Driver/Src/stm32f1xx_hal_uart.c.obj

.debug_loclists
                0x00000000     0x983a
 .debug_loclists
                0x00000000       0x74 CMakeFiles/Armor.elf.dir/Core/Src/adc.c.obj
 .debug_loclists
                0x00000074       0x17 CMakeFiles/Armor.elf.dir/Core/Src/stm32f1xx_hal_msp.c.obj
 .debug_loclists
                0x0000008b       0xb7 CMakeFiles/Armor.elf.dir/Core/Src/system_stm32f1xx.c.obj
 .debug_loclists
                0x00000142       0xb7 CMakeFiles/Armor.elf.dir/Core/Src/tim.c.obj
 .debug_loclists
                0x000001f9       0x5c CMakeFiles/Armor.elf.dir/Core/Src/usart.c.obj
 .debug_loclists
                0x00000255       0xad CMakeFiles/Armor.elf.dir/Core/bsp/bsp.c.obj
 .debug_loclists
                0x00000302       0xe1 CMakeFiles/Armor.elf.dir/Drivers/STM32F1xx_HAL_Driver/Src/stm32f1xx_hal.c.obj
 .debug_loclists
                0x000003e3      0x7c5 CMakeFiles/Armor.elf.dir/Drivers/STM32F1xx_HAL_Driver/Src/stm32f1xx_hal_adc.c.obj
 .debug_loclists
                0x00000ba8      0x530 CMakeFiles/Armor.elf.dir/Drivers/STM32F1xx_HAL_Driver/Src/stm32f1xx_hal_cortex.c.obj
 .debug_loclists
                0x000010d8      0x562 CMakeFiles/Armor.elf.dir/Drivers/STM32F1xx_HAL_Driver/Src/stm32f1xx_hal_dma.c.obj
 .debug_loclists
                0x0000163a      0x2fa CMakeFiles/Armor.elf.dir/Drivers/STM32F1xx_HAL_Driver/Src/stm32f1xx_hal_gpio.c.obj
 .debug_loclists
                0x00001934      0x42e CMakeFiles/Armor.elf.dir/Drivers/STM32F1xx_HAL_Driver/Src/stm32f1xx_hal_rcc.c.obj
 .debug_loclists
                0x00001d62      0x2eb CMakeFiles/Armor.elf.dir/Drivers/STM32F1xx_HAL_Driver/Src/stm32f1xx_hal_rcc_ex.c.obj
 .debug_loclists
                0x0000204d     0x37db CMakeFiles/Armor.elf.dir/Drivers/STM32F1xx_HAL_Driver/Src/stm32f1xx_hal_tim.c.obj
 .debug_loclists
                0x00005828     0x138c CMakeFiles/Armor.elf.dir/Drivers/STM32F1xx_HAL_Driver/Src/stm32f1xx_hal_tim_ex.c.obj
 .debug_loclists
                0x00006bb4     0x2c86 CMakeFiles/Armor.elf.dir/Drivers/STM32F1xx_HAL_Driver/Src/stm32f1xx_hal_uart.c.obj

.debug_aranges  0x00000000      0xdd8
 .debug_aranges
                0x00000000       0x30 CMakeFiles/Armor.elf.dir/Core/Src/adc.c.obj
 .debug_aranges
                0x00000030       0x20 CMakeFiles/Armor.elf.dir/Core/Src/dma.c.obj
 .debug_aranges
                0x00000050       0x20 CMakeFiles/Armor.elf.dir/Core/Src/gpio.c.obj
 .debug_aranges
                0x00000070       0x30 CMakeFiles/Armor.elf.dir/Core/Src/main.c.obj
 .debug_aranges
                0x000000a0       0x20 CMakeFiles/Armor.elf.dir/Core/Src/stm32f1xx_hal_msp.c.obj
 .debug_aranges
                0x000000c0       0x88 CMakeFiles/Armor.elf.dir/Core/Src/stm32f1xx_it.c.obj
 .debug_aranges
                0x00000148       0x28 CMakeFiles/Armor.elf.dir/Core/Src/system_stm32f1xx.c.obj
 .debug_aranges
                0x00000170       0x48 CMakeFiles/Armor.elf.dir/Core/Src/tim.c.obj
 .debug_aranges
                0x000001b8       0x30 CMakeFiles/Armor.elf.dir/Core/Src/usart.c.obj
 .debug_aranges
                0x000001e8       0x28 CMakeFiles/Armor.elf.dir/Core/Startup/startup_stm32f103c6tx.s.obj
 .debug_aranges
                0x00000210       0x60 CMakeFiles/Armor.elf.dir/Core/bsp/bsp.c.obj
 .debug_aranges
                0x00000270       0xe0 CMakeFiles/Armor.elf.dir/Drivers/STM32F1xx_HAL_Driver/Src/stm32f1xx_hal.c.obj
 .debug_aranges
                0x00000350       0xf0 CMakeFiles/Armor.elf.dir/Drivers/STM32F1xx_HAL_Driver/Src/stm32f1xx_hal_adc.c.obj
 .debug_aranges
                0x00000440       0xc0 CMakeFiles/Armor.elf.dir/Drivers/STM32F1xx_HAL_Driver/Src/stm32f1xx_hal_cortex.c.obj
 .debug_aranges
                0x00000500       0x80 CMakeFiles/Armor.elf.dir/Drivers/STM32F1xx_HAL_Driver/Src/stm32f1xx_hal_dma.c.obj
 .debug_aranges
                0x00000580       0x58 CMakeFiles/Armor.elf.dir/Drivers/STM32F1xx_HAL_Driver/Src/stm32f1xx_hal_gpio.c.obj
 .debug_aranges
                0x000005d8       0x90 CMakeFiles/Armor.elf.dir/Drivers/STM32F1xx_HAL_Driver/Src/stm32f1xx_hal_rcc.c.obj
 .debug_aranges
                0x00000668       0x30 CMakeFiles/Armor.elf.dir/Drivers/STM32F1xx_HAL_Driver/Src/stm32f1xx_hal_rcc_ex.c.obj
 .debug_aranges
                0x00000698      0x3d0 CMakeFiles/Armor.elf.dir/Drivers/STM32F1xx_HAL_Driver/Src/stm32f1xx_hal_tim.c.obj
 .debug_aranges
                0x00000a68      0x168 CMakeFiles/Armor.elf.dir/Drivers/STM32F1xx_HAL_Driver/Src/stm32f1xx_hal_tim_ex.c.obj
 .debug_aranges
                0x00000bd0      0x208 CMakeFiles/Armor.elf.dir/Drivers/STM32F1xx_HAL_Driver/Src/stm32f1xx_hal_uart.c.obj

.debug_rnglists
                0x00000000      0xa8c
 .debug_rnglists
                0x00000000       0x1f CMakeFiles/Armor.elf.dir/Core/Src/adc.c.obj
 .debug_rnglists
                0x0000001f       0x13 CMakeFiles/Armor.elf.dir/Core/Src/dma.c.obj
 .debug_rnglists
                0x00000032       0x14 CMakeFiles/Armor.elf.dir/Core/Src/gpio.c.obj
 .debug_rnglists
                0x00000046       0x20 CMakeFiles/Armor.elf.dir/Core/Src/main.c.obj
 .debug_rnglists
                0x00000066       0x13 CMakeFiles/Armor.elf.dir/Core/Src/stm32f1xx_hal_msp.c.obj
 .debug_rnglists
                0x00000079       0x61 CMakeFiles/Armor.elf.dir/Core/Src/stm32f1xx_it.c.obj
 .debug_rnglists
                0x000000da       0x1a CMakeFiles/Armor.elf.dir/Core/Src/system_stm32f1xx.c.obj
 .debug_rnglists
                0x000000f4       0x33 CMakeFiles/Armor.elf.dir/Core/Src/tim.c.obj
 .debug_rnglists
                0x00000127       0x20 CMakeFiles/Armor.elf.dir/Core/Src/usart.c.obj
 .debug_rnglists
                0x00000147       0x19 CMakeFiles/Armor.elf.dir/Core/Startup/startup_stm32f103c6tx.s.obj
 .debug_rnglists
                0x00000160       0x44 CMakeFiles/Armor.elf.dir/Core/bsp/bsp.c.obj
 .debug_rnglists
                0x000001a4       0xa3 CMakeFiles/Armor.elf.dir/Drivers/STM32F1xx_HAL_Driver/Src/stm32f1xx_hal.c.obj
 .debug_rnglists
                0x00000247       0xb8 CMakeFiles/Armor.elf.dir/Drivers/STM32F1xx_HAL_Driver/Src/stm32f1xx_hal_adc.c.obj
 .debug_rnglists
                0x000002ff       0x8b CMakeFiles/Armor.elf.dir/Drivers/STM32F1xx_HAL_Driver/Src/stm32f1xx_hal_cortex.c.obj
 .debug_rnglists
                0x0000038a       0x5e CMakeFiles/Armor.elf.dir/Drivers/STM32F1xx_HAL_Driver/Src/stm32f1xx_hal_dma.c.obj
 .debug_rnglists
                0x000003e8       0x3f CMakeFiles/Armor.elf.dir/Drivers/STM32F1xx_HAL_Driver/Src/stm32f1xx_hal_gpio.c.obj
 .debug_rnglists
                0x00000427       0x7d CMakeFiles/Armor.elf.dir/Drivers/STM32F1xx_HAL_Driver/Src/stm32f1xx_hal_rcc.c.obj
 .debug_rnglists
                0x000004a4       0x2f CMakeFiles/Armor.elf.dir/Drivers/STM32F1xx_HAL_Driver/Src/stm32f1xx_hal_rcc_ex.c.obj
 .debug_rnglists
                0x000004d3      0x2fe CMakeFiles/Armor.elf.dir/Drivers/STM32F1xx_HAL_Driver/Src/stm32f1xx_hal_tim.c.obj
 .debug_rnglists
                0x000007d1      0x11a CMakeFiles/Armor.elf.dir/Drivers/STM32F1xx_HAL_Driver/Src/stm32f1xx_hal_tim_ex.c.obj
 .debug_rnglists
                0x000008eb      0x1a1 CMakeFiles/Armor.elf.dir/Drivers/STM32F1xx_HAL_Driver/Src/stm32f1xx_hal_uart.c.obj

.debug_line     0x00000000     0xf1b3
 .debug_line    0x00000000      0x33d CMakeFiles/Armor.elf.dir/Core/Src/adc.c.obj
 .debug_line    0x0000033d      0x1b4 CMakeFiles/Armor.elf.dir/Core/Src/dma.c.obj
 .debug_line    0x000004f1      0x1f5 CMakeFiles/Armor.elf.dir/Core/Src/gpio.c.obj
 .debug_line    0x000006e6      0x41f CMakeFiles/Armor.elf.dir/Core/Src/main.c.obj
 .debug_line    0x00000b05      0x170 CMakeFiles/Armor.elf.dir/Core/Src/stm32f1xx_hal_msp.c.obj
 .debug_line    0x00000c75      0x35a CMakeFiles/Armor.elf.dir/Core/Src/stm32f1xx_it.c.obj
 .debug_line    0x00000fcf      0x239 CMakeFiles/Armor.elf.dir/Core/Src/system_stm32f1xx.c.obj
 .debug_line    0x00001208      0x599 CMakeFiles/Armor.elf.dir/Core/Src/tim.c.obj
 .debug_line    0x000017a1      0x3a1 CMakeFiles/Armor.elf.dir/Core/Src/usart.c.obj
 .debug_line    0x00001b42       0x78 CMakeFiles/Armor.elf.dir/Core/Startup/startup_stm32f103c6tx.s.obj
 .debug_line    0x00001bba      0x496 CMakeFiles/Armor.elf.dir/Core/bsp/bsp.c.obj
 .debug_line    0x00002050      0x564 CMakeFiles/Armor.elf.dir/Drivers/STM32F1xx_HAL_Driver/Src/stm32f1xx_hal.c.obj
 .debug_line    0x000025b4      0xe99 CMakeFiles/Armor.elf.dir/Drivers/STM32F1xx_HAL_Driver/Src/stm32f1xx_hal_adc.c.obj
 .debug_line    0x0000344d      0x6bc CMakeFiles/Armor.elf.dir/Drivers/STM32F1xx_HAL_Driver/Src/stm32f1xx_hal_cortex.c.obj
 .debug_line    0x00003b09      0xb04 CMakeFiles/Armor.elf.dir/Drivers/STM32F1xx_HAL_Driver/Src/stm32f1xx_hal_dma.c.obj
 .debug_line    0x0000460d      0x5cb CMakeFiles/Armor.elf.dir/Drivers/STM32F1xx_HAL_Driver/Src/stm32f1xx_hal_gpio.c.obj
 .debug_line    0x00004bd8      0xcbf CMakeFiles/Armor.elf.dir/Drivers/STM32F1xx_HAL_Driver/Src/stm32f1xx_hal_rcc.c.obj
 .debug_line    0x00005897      0x4bf CMakeFiles/Armor.elf.dir/Drivers/STM32F1xx_HAL_Driver/Src/stm32f1xx_hal_rcc_ex.c.obj
 .debug_line    0x00005d56     0x45b9 CMakeFiles/Armor.elf.dir/Drivers/STM32F1xx_HAL_Driver/Src/stm32f1xx_hal_tim.c.obj
 .debug_line    0x0000a30f     0x19cf CMakeFiles/Armor.elf.dir/Drivers/STM32F1xx_HAL_Driver/Src/stm32f1xx_hal_tim_ex.c.obj
 .debug_line    0x0000bcde     0x34d5 CMakeFiles/Armor.elf.dir/Drivers/STM32F1xx_HAL_Driver/Src/stm32f1xx_hal_uart.c.obj

.debug_str      0x00000000     0x3fd3
 .debug_str     0x00000000     0x3fd3 CMakeFiles/Armor.elf.dir/Core/Src/adc.c.obj
                                0x661 (size before relaxing)
 .debug_str     0x00003fd3      0x4e0 CMakeFiles/Armor.elf.dir/Core/Src/dma.c.obj
 .debug_str     0x00003fd3      0x54c CMakeFiles/Armor.elf.dir/Core/Src/gpio.c.obj
 .debug_str     0x00003fd3      0xba8 CMakeFiles/Armor.elf.dir/Core/Src/main.c.obj
 .debug_str     0x00003fd3      0x24f CMakeFiles/Armor.elf.dir/Core/Src/stm32f1xx_hal_msp.c.obj
 .debug_str     0x00003fd3      0xa10 CMakeFiles/Armor.elf.dir/Core/Src/stm32f1xx_it.c.obj
 .debug_str     0x00003fd3      0x284 CMakeFiles/Armor.elf.dir/Core/Src/system_stm32f1xx.c.obj
 .debug_str     0x00003fd3      0xc64 CMakeFiles/Armor.elf.dir/Core/Src/tim.c.obj
 .debug_str     0x00003fd3      0xa0e CMakeFiles/Armor.elf.dir/Core/Src/usart.c.obj
 .debug_str     0x00003fd3       0x95 CMakeFiles/Armor.elf.dir/Core/Startup/startup_stm32f103c6tx.s.obj
 .debug_str     0x00003fd3      0xb9a CMakeFiles/Armor.elf.dir/Core/bsp/bsp.c.obj
 .debug_str     0x00003fd3      0x824 CMakeFiles/Armor.elf.dir/Drivers/STM32F1xx_HAL_Driver/Src/stm32f1xx_hal.c.obj
 .debug_str     0x00003fd3      0x90a CMakeFiles/Armor.elf.dir/Drivers/STM32F1xx_HAL_Driver/Src/stm32f1xx_hal_adc.c.obj
 .debug_str     0x00003fd3      0x8c9 CMakeFiles/Armor.elf.dir/Drivers/STM32F1xx_HAL_Driver/Src/stm32f1xx_hal_cortex.c.obj
 .debug_str     0x00003fd3      0x62d CMakeFiles/Armor.elf.dir/Drivers/STM32F1xx_HAL_Driver/Src/stm32f1xx_hal_dma.c.obj
 .debug_str     0x00003fd3      0x430 CMakeFiles/Armor.elf.dir/Drivers/STM32F1xx_HAL_Driver/Src/stm32f1xx_hal_gpio.c.obj
 .debug_str     0x00003fd3      0x65b CMakeFiles/Armor.elf.dir/Drivers/STM32F1xx_HAL_Driver/Src/stm32f1xx_hal_rcc.c.obj
 .debug_str     0x00003fd3      0x403 CMakeFiles/Armor.elf.dir/Drivers/STM32F1xx_HAL_Driver/Src/stm32f1xx_hal_rcc_ex.c.obj
 .debug_str     0x00003fd3     0x16b5 CMakeFiles/Armor.elf.dir/Drivers/STM32F1xx_HAL_Driver/Src/stm32f1xx_hal_tim.c.obj
 .debug_str     0x00003fd3      0xec1 CMakeFiles/Armor.elf.dir/Drivers/STM32F1xx_HAL_Driver/Src/stm32f1xx_hal_tim_ex.c.obj
 .debug_str     0x00003fd3      0xd24 CMakeFiles/Armor.elf.dir/Drivers/STM32F1xx_HAL_Driver/Src/stm32f1xx_hal_uart.c.obj

.comment        0x00000000       0x45
 .comment       0x00000000       0x45 CMakeFiles/Armor.elf.dir/Core/Src/adc.c.obj
                                 0x46 (size before relaxing)
 .comment       0x00000045       0x46 CMakeFiles/Armor.elf.dir/Core/Src/dma.c.obj
 .comment       0x00000045       0x46 CMakeFiles/Armor.elf.dir/Core/Src/gpio.c.obj
 .comment       0x00000045       0x46 CMakeFiles/Armor.elf.dir/Core/Src/main.c.obj
 .comment       0x00000045       0x46 CMakeFiles/Armor.elf.dir/Core/Src/stm32f1xx_hal_msp.c.obj
 .comment       0x00000045       0x46 CMakeFiles/Armor.elf.dir/Core/Src/stm32f1xx_it.c.obj
 .comment       0x00000045       0x46 CMakeFiles/Armor.elf.dir/Core/Src/system_stm32f1xx.c.obj
 .comment       0x00000045       0x46 CMakeFiles/Armor.elf.dir/Core/Src/tim.c.obj
 .comment       0x00000045       0x46 CMakeFiles/Armor.elf.dir/Core/Src/usart.c.obj
 .comment       0x00000045       0x46 CMakeFiles/Armor.elf.dir/Core/bsp/bsp.c.obj
 .comment       0x00000045       0x46 CMakeFiles/Armor.elf.dir/Drivers/STM32F1xx_HAL_Driver/Src/stm32f1xx_hal.c.obj
 .comment       0x00000045       0x46 CMakeFiles/Armor.elf.dir/Drivers/STM32F1xx_HAL_Driver/Src/stm32f1xx_hal_adc.c.obj
 .comment       0x00000045       0x46 CMakeFiles/Armor.elf.dir/Drivers/STM32F1xx_HAL_Driver/Src/stm32f1xx_hal_cortex.c.obj
 .comment       0x00000045       0x46 CMakeFiles/Armor.elf.dir/Drivers/STM32F1xx_HAL_Driver/Src/stm32f1xx_hal_dma.c.obj
 .comment       0x00000045       0x46 CMakeFiles/Armor.elf.dir/Drivers/STM32F1xx_HAL_Driver/Src/stm32f1xx_hal_gpio.c.obj
 .comment       0x00000045       0x46 CMakeFiles/Armor.elf.dir/Drivers/STM32F1xx_HAL_Driver/Src/stm32f1xx_hal_rcc.c.obj
 .comment       0x00000045       0x46 CMakeFiles/Armor.elf.dir/Drivers/STM32F1xx_HAL_Driver/Src/stm32f1xx_hal_rcc_ex.c.obj
 .comment       0x00000045       0x46 CMakeFiles/Armor.elf.dir/Drivers/STM32F1xx_HAL_Driver/Src/stm32f1xx_hal_tim.c.obj
 .comment       0x00000045       0x46 CMakeFiles/Armor.elf.dir/Drivers/STM32F1xx_HAL_Driver/Src/stm32f1xx_hal_tim_ex.c.obj
 .comment       0x00000045       0x46 CMakeFiles/Armor.elf.dir/Drivers/STM32F1xx_HAL_Driver/Src/stm32f1xx_hal_uart.c.obj

.debug_frame    0x00000000     0x25b4
 .debug_frame   0x00000000       0x68 CMakeFiles/Armor.elf.dir/Core/Src/adc.c.obj
 .debug_frame   0x00000068       0x2c CMakeFiles/Armor.elf.dir/Core/Src/dma.c.obj
 .debug_frame   0x00000094       0x30 CMakeFiles/Armor.elf.dir/Core/Src/gpio.c.obj
 .debug_frame   0x000000c4       0x58 CMakeFiles/Armor.elf.dir/Core/Src/main.c.obj
 .debug_frame   0x0000011c       0x28 CMakeFiles/Armor.elf.dir/Core/Src/stm32f1xx_hal_msp.c.obj
 .debug_frame   0x00000144      0x120 CMakeFiles/Armor.elf.dir/Core/Src/stm32f1xx_it.c.obj
 .debug_frame   0x00000264       0x30 CMakeFiles/Armor.elf.dir/Core/Src/system_stm32f1xx.c.obj
 .debug_frame   0x00000294       0xc8 CMakeFiles/Armor.elf.dir/Core/Src/tim.c.obj
 .debug_frame   0x0000035c       0x64 CMakeFiles/Armor.elf.dir/Core/Src/usart.c.obj
 .debug_frame   0x000003c0       0xc8 CMakeFiles/Armor.elf.dir/Core/bsp/bsp.c.obj
 .debug_frame   0x00000488      0x1cc CMakeFiles/Armor.elf.dir/Drivers/STM32F1xx_HAL_Driver/Src/stm32f1xx_hal.c.obj
 .debug_frame   0x00000654      0x2c8 CMakeFiles/Armor.elf.dir/Drivers/STM32F1xx_HAL_Driver/Src/stm32f1xx_hal_adc.c.obj
 .debug_frame   0x0000091c      0x19c CMakeFiles/Armor.elf.dir/Drivers/STM32F1xx_HAL_Driver/Src/stm32f1xx_hal_cortex.c.obj
 .debug_frame   0x00000ab8      0x144 CMakeFiles/Armor.elf.dir/Drivers/STM32F1xx_HAL_Driver/Src/stm32f1xx_hal_dma.c.obj
 .debug_frame   0x00000bfc       0xe0 CMakeFiles/Armor.elf.dir/Drivers/STM32F1xx_HAL_Driver/Src/stm32f1xx_hal_gpio.c.obj
 .debug_frame   0x00000cdc      0x184 CMakeFiles/Armor.elf.dir/Drivers/STM32F1xx_HAL_Driver/Src/stm32f1xx_hal_rcc.c.obj
 .debug_frame   0x00000e60       0x5c CMakeFiles/Armor.elf.dir/Drivers/STM32F1xx_HAL_Driver/Src/stm32f1xx_hal_rcc_ex.c.obj
 .debug_frame   0x00000ebc      0xb18 CMakeFiles/Armor.elf.dir/Drivers/STM32F1xx_HAL_Driver/Src/stm32f1xx_hal_tim.c.obj
 .debug_frame   0x000019d4      0x418 CMakeFiles/Armor.elf.dir/Drivers/STM32F1xx_HAL_Driver/Src/stm32f1xx_hal_tim_ex.c.obj
 .debug_frame   0x00001dec      0x5dc CMakeFiles/Armor.elf.dir/Drivers/STM32F1xx_HAL_Driver/Src/stm32f1xx_hal_uart.c.obj
 .debug_frame   0x000023c8       0x2c F:/CLion_Tools/10 2021.10/bin/../lib/gcc/arm-none-eabi/13.3.1/thumb/v7-m/nofp\libg.a(libc_a-memset.o)
 .debug_frame   0x000023f4       0x2c F:/CLion_Tools/10 2021.10/bin/../lib/gcc/arm-none-eabi/13.3.1/thumb/v7-m/nofp\libg.a(libc_a-init.o)
 .debug_frame   0x00002420       0xb0 F:/CLion_Tools/10 2021.10/bin/../lib/gcc/arm-none-eabi/13.3.1/thumb/v7-m/nofp\libg.a(libc_a-lock.o)
 .debug_frame   0x000024d0       0x5c F:/CLion_Tools/10 2021.10/bin/../lib/gcc/arm-none-eabi/13.3.1/thumb/v7-m/nofp\libg.a(libc_a-__call_atexit.o)
 .debug_frame   0x0000252c       0x20 F:/CLion_Tools/10 2021.10/bin/../lib/gcc/arm-none-eabi/13.3.1/thumb/v7-m/nofp\libg.a(libc_a-atexit.o)
 .debug_frame   0x0000254c       0x34 F:/CLion_Tools/10 2021.10/bin/../lib/gcc/arm-none-eabi/13.3.1/thumb/v7-m/nofp\libg.a(libc_a-fini.o)
 .debug_frame   0x00002580       0x34 F:/CLion_Tools/10 2021.10/bin/../lib/gcc/arm-none-eabi/13.3.1/thumb/v7-m/nofp\libg.a(libc_a-__atexit.o)

.debug_line_str
                0x00000000       0x79
 .debug_line_str
                0x00000000       0x79 CMakeFiles/Armor.elf.dir/Core/Startup/startup_stm32f103c6tx.s.obj
